hello
3
4
4
5r
5
566
6
5
4
4
4
45
4
45
5
5
6
444
444
